// Jest Snapshot v1, https://goo.gl/fbAQLP

exports[`Header renders correctly 1`] = `
<header>
  <div>
    <test-file-stub
      fill="black"
      height="100"
    />
    <test-file-stub
      height="100"
    />
  </div>
  <nav>
    <ul>
      <li>
        <a
          _target="blank"
          href="hhttps://www.themoviedb.org/about"
        >
          About TMDb
        </a>
      </li>
      <li>
        <a
          _target="blank"
          href="https://www.themoviedb.org/documentation/api/terms-of-use"
        >
          API Terms of Use
        </a>
      </li>
      <li>
        <a
          _target="blank"
          href="https://developers.themoviedb.org/3"
        >
          API Docs
        </a>
      </li>
    </ul>
  </nav>
</header>
`;
