// Jest Snapshot v1, https://goo.gl/fbAQLP

exports[`OrderByInput renders correctly 1`] = `
<div>
  <span>
    <b>
      Sort by: 
    </b>
  </span>
  <select
    defaultValue="title"
    id="sort-by"
    name="sort-by"
    onChange={[Function]}
  >
    <option
      value="title"
    >
      Title
    </option>
    <option
      value="popularity"
    >
      Popularity
    </option>
    <option
      value="release_date"
    >
      Release Date
    </option>
  </select>
</div>
`;
